[    3787ms] [INFO] %cDownload the React DevTools for a better development experience: https://react.dev/link/react-devtools font-weight:bold @ http://localhost:3411/_next/static/chunks/node_modules_next_dist_f3530cac._.js:2297
[    3938ms] [ERROR] %c%s%c Błąd pobierania wiedzy KUBY: background: #e6e6e6;background: light-dark(rgba(0,0,0,0.1), rgba(255,255,255,0.25));color: #000000;color: light-dark(#000000, #ffffff);border-radius: 2px  Server   Error: Failed query: select "id", "section", "content", "updated_at" from "kuba_knowledge"
params: 
    at Function.all (<anonymous>:1:21)
    at getKubaKnowledgeForChat (about://React/Server/C:%5CUsers%5Cstani%5CDesktop%5Cprojects%5Clanlab-online%5C.next%5Cdev%5Cserver%5Cchunks%5Cssr%5C%5Broot-of-the-server%5D__442819a4._.js?54:284:35)
    at Home (about://React/Server/C:%5CUsers%5Cstani%5CDesktop%5Cprojects%5Clanlab-online%5C.next%5Cdev%5Cserver%5Cchunks%5Cssr%5C%5Broot-of-the-server%5D__96081904._.js?55:1148:33)
    at resolveErrorDev (http://localhost:3411/_next/static/chunks/node_modules_next_dist_compiled_react-server-dom-turbopack_9212ccad._.js:1881:106)
    at getOutlinedModel (http://localhost:3411/_next/static/chunks/node_modules_next_dist_compiled_react-server-dom-turbopack_9212ccad._.js:1434:28)
    at parseModelString (http://localhost:3411/_next/static/chunks/node_modules_next_dist_compiled_react-server-dom-turbopack_9212ccad._.js:1548:50)
    at Object.<anonymous> (http://localhost:3411/_next/static/chunks/node_modules_next_dist_compiled_react-server-dom-turbopack_9212ccad._.js:2472:51)
    at JSON.parse (<anonymous>)
    at initializeModelChunk (http://localhost:3411/_next/static/chunks/node_modules_next_dist_compiled_react-server-dom-turbopack_9212ccad._.js:1053:30)
    at getOutlinedModel (http://localhost:3411/_next/static/chunks/node_modules_next_dist_compiled_react-server-dom-turbopack_9212ccad._.js:1372:17)
    at parseModelString (http://localhost:3411/_next/static/chunks/node_modules_next_dist_compiled_react-server-dom-turbopack_9212ccad._.js:1602:50)
    at Array.<anonymous> (http://localhost:3411/_next/static/chunks/node_modules_next_dist_compiled_react-server-dom-turbopack_9212ccad._.js:2472:51)
    at JSON.parse (<anonymous>)
    at initializeModelChunk (http://localhost:3411/_next/static/chunks/node_modules_next_dist_compiled_react-server-dom-turbopack_9212ccad._.js:1053:30)
    at resolveConsoleEntry (http://localhost:3411/_next/static/chunks/node_modules_next_dist_compiled_react-server-dom-turbopack_9212ccad._.js:2007:96)
    at processFullStringRow (http://localhost:3411/_next/static/chunks/node_modules_next_dist_compiled_react-server-dom-turbopack_9212ccad._.js:2408:17)
    at processFullBinaryRow (http://localhost:3411/_next/static/chunks/node_modules_next_dist_compiled_react-server-dom-turbopack_9212ccad._.js:2348:9)
    at processBinaryChunk (http://localhost:3411/_next/static/chunks/node_modules_next_dist_compiled_react-server-dom-turbopack_9212ccad._.js:2457:221)
    at progress (http://localhost:3411/_next/static/chunks/node_modules_next_dist_compiled_react-server-dom-turbopack_9212ccad._.js:2625:13) @ http://localhost:3411/_next/static/chunks/node_modules_next_dist_f3530cac._.js:3127
[    3992ms] [LOG] [HMR] connected @ http://localhost:3411/_next/static/chunks/node_modules_next_dist_f3530cac._.js:2297
[    4457ms] [LOG] [Fast Refresh] rebuilding @ http://localhost:3411/_next/static/chunks/node_modules_next_dist_f3530cac._.js:2297
[    4501ms] [WARNING] Image with src "/pierwsza_placowka.jpg" has "fill" but is missing "sizes" prop. Please add it to improve page performance. Read more: https://nextjs.org/docs/api-reference/next/image#sizes @ http://localhost:3411/_next/static/chunks/node_modules_next_dist_f3530cac._.js:2297
[    4527ms] [LOG] [Fast Refresh] done in 183ms @ http://localhost:3411/_next/static/chunks/node_modules_next_dist_f3530cac._.js:2297
[    4595ms] [WARNING] THREE.Clock: This module has been deprecated. Please use THREE.Timer instead. @ http://localhost:3411/_next/static/chunks/node_modules_next_dist_f3530cac._.js:2297
[   22144ms] [LOG] [Fast Refresh] rebuilding @ http://localhost:3411/_next/static/chunks/node_modules_next_dist_f3530cac._.js:2297
[   22148ms] [LOG] [Fast Refresh] done in 106ms @ http://localhost:3411/_next/static/chunks/node_modules_next_dist_f3530cac._.js:2297
[   33881ms] [LOG] [Fast Refresh] rebuilding @ http://localhost:3411/_next/static/chunks/node_modules_next_dist_f3530cac._.js:2297
[   33954ms] [LOG] [Fast Refresh] done in 175ms @ http://localhost:3411/_next/static/chunks/node_modules_next_dist_f3530cac._.js:2297
[   42147ms] [LOG] [Fast Refresh] rebuilding @ http://localhost:3411/_next/static/chunks/node_modules_next_dist_f3530cac._.js:2297
[   42164ms] [LOG] [Fast Refresh] done in 120ms @ http://localhost:3411/_next/static/chunks/node_modules_next_dist_f3530cac._.js:2297
[   46639ms] [LOG] [Fast Refresh] rebuilding @ http://localhost:3411/_next/static/chunks/node_modules_next_dist_f3530cac._.js:2297
[   46655ms] [LOG] [Fast Refresh] done in 119ms @ http://localhost:3411/_next/static/chunks/node_modules_next_dist_f3530cac._.js:2297
[   50107ms] [LOG] [Fast Refresh] rebuilding @ http://localhost:3411/_next/static/chunks/node_modules_next_dist_f3530cac._.js:2297
[   50189ms] [LOG] [Fast Refresh] done in 183ms @ http://localhost:3411/_next/static/chunks/node_modules_next_dist_f3530cac._.js:2297
[   63717ms] [LOG] [Fast Refresh] rebuilding @ http://localhost:3411/_next/static/chunks/node_modules_next_dist_f3530cac._.js:2297
[   63878ms] [LOG] [Fast Refresh] done in 271ms @ http://localhost:3411/_next/static/chunks/node_modules_next_dist_f3530cac._.js:2297
[  105203ms] [LOG] [Fast Refresh] rebuilding @ http://localhost:3411/_next/static/chunks/node_modules_next_dist_f3530cac._.js:2297
[  105768ms] [LOG] [Fast Refresh] done in 668ms @ http://localhost:3411/_next/static/chunks/node_modules_next_dist_f3530cac._.js:2297
[  108032ms] [LOG] [Fast Refresh] rebuilding @ http://localhost:3411/_next/static/chunks/node_modules_next_dist_f3530cac._.js:2297
[  108558ms] [LOG] [Fast Refresh] done in 627ms @ http://localhost:3411/_next/static/chunks/node_modules_next_dist_f3530cac._.js:2297
