[     785ms] [ERROR] Failed to load resource: the server responded with a status of 500 (Internal Server Error) @ http://localhost:3001/:0
[     945ms] [INFO] %cDownload the React DevTools for a better development experience: https://react.dev/link/react-devtools font-weight:bold @ http://localhost:3001/_next/static/chunks/node_modules_react-dom_4411d9bd._.js:15305
[    1003ms] Error: ./src/components/ui/WavingFlag.tsx:6:1
Module not found: Can't resolve '@react-three/drei'
  4 | import React, { useRef, useMemo } from "react";
  5 | import { Canvas, useFrame, useLoader } from "@react-three/fiber";
> 6 | import { useScroll } from "@react-three/drei";
    | ^^^^^^^^^^^^^^^^^^^^^^^^^^^^^^^^^^^^^^^^^^^^^^
  7 |
  8 | // 1. Definiujemy typ dla uniformów, żeby TS nie płakał o "Index signature"
  9 | interface FlagUniforms {



Import trace:
  Server Component:
    ./src/components/ui/WavingFlag.tsx
    ./src/components/features/Hero.tsx
    ./src/app/page.tsx

https://nextjs.org/docs/messages/module-not-found


    at <unknown> (Error: ./src/components/ui/WavingFlag.tsx:6:1)
    at <unknown> (https://nextjs.org/docs/messages/module-not-found)
    at Object.getCompilationErrors (file://C:\Users\stani\Desktop\projects\lanlab-online\node_modules\next\dist\server\dev\hot-reloader-turbopack.js:1008:59)
    at DevBundlerService.getCompilationError (file://C:\Users\stani\Desktop\projects\lanlab-online\node_modules\next\dist\server\lib\dev-bundler-service.js:44:55)
    at DevServer.getCompilationError (file://C:\Users\stani\Desktop\projects\lanlab-online\node_modules\next\dist\server\dev\next-dev-server.js:706:42)
    at DevServer.findPageComponents (file://C:\Users\stani\Desktop\projects\lanlab-online\node_modules\next\dist\server\dev\next-dev-server.js:676:43)
    at async DevServer.renderErrorToResponseImpl (file://C:\Users\stani\Desktop\projects\lanlab-online\node_modules\next\dist\server\base-server.js:1713:26)
[    1004ms] [LOG] [HMR] connected @ http://localhost:3001/_next/static/chunks/node_modules_next_dist_b3fb3b5f._.js:1206
[    1052ms] [ERROR] ./src/components/ui/WavingFlag.tsx:6:1
Module not found: Can't resolve '@react-three/drei'
  4 | import React, { useRef, useMemo } from "react";
  5 | import { Canvas, useFrame, useLoader } from "@react-three/fiber";
> 6 | import { useScroll } from "@react-three/drei";
    | ^^^^^^^^^^^^^^^^^^^^^^^^^^^^^^^^^^^^^^^^^^^^^^
  7 |
  8 | // 1. Definiujemy typ dla uniformów, żeby TS nie płakał o "Index signature"
  9 | interface FlagUniforms {

Import trace:
  Server Component:
    ./src/components/ui/WavingFlag.tsx
    ./src/components/features/Hero.tsx
    ./src/app/page.tsx

https://nextjs.org/docs/messages/module-not-found @ http://localhost:3001/_next/static/chunks/node_modules_next_dist_b3fb3b5f._.js:1920
[    1052ms] [ERROR] ./src/components/ui/WavingFlag.tsx:5:1
Module not found: Can't resolve '@react-three/fiber'
  3 | import * as THREE from "three";
  4 | import React, { useRef, useMemo } from "react";
> 5 | import { Canvas, useFrame, useLoader } from "@react-three/fiber";
    | ^^^^^^^^^^^^^^^^^^^^^^^^^^^^^^^^^^^^^^^^^^^^^^^^^^^^^^^^^^^^^^^^^
  6 | import { useScroll } from "@react-three/drei";
  7 |
  8 | // 1. Definiujemy typ dla uniformów, żeby TS nie płakał o "Index signature"

Import trace:
  Server Component:
    ./src/components/ui/WavingFlag.tsx
    ./src/components/features/Hero.tsx
    ./src/app/page.tsx

https://nextjs.org/docs/messages/module-not-found @ http://localhost:3001/_next/static/chunks/node_modules_next_dist_b3fb3b5f._.js:1920
[    1053ms] [ERROR] ./src/components/ui/WavingFlag.tsx:3:1
Module not found: Can't resolve 'three'
  1 | "use client";
  2 |
> 3 | import * as THREE from "three";
    | ^^^^^^^^^^^^^^^^^^^^^^^^^^^^^^^
  4 | import React, { useRef, useMemo } from "react";
  5 | import { Canvas, useFrame, useLoader } from "@react-three/fiber";
  6 | import { useScroll } from "@react-three/drei";

Import trace:
  Server Component:
    ./src/components/ui/WavingFlag.tsx
    ./src/components/features/Hero.tsx
    ./src/app/page.tsx

https://nextjs.org/docs/messages/module-not-found @ http://localhost:3001/_next/static/chunks/node_modules_next_dist_b3fb3b5f._.js:1920
[    1069ms] [ERROR] ./src/components/ui/WavingFlag.tsx:6:1
Module not found: Can't resolve '@react-three/drei'
  4 | import React, { useRef, useMemo } from "react";
  5 | import { Canvas, useFrame, useLoader } from "@react-three/fiber";
> 6 | import { useScroll } from "@react-three/drei";
    | ^^^^^^^^^^^^^^^^^^^^^^^^^^^^^^^^^^^^^^^^^^^^^^
  7 |
  8 | // 1. Definiujemy typ dla uniformów, żeby TS nie płakał o "Index signature"
  9 | interface FlagUniforms {

Import trace:
  Server Component:
    ./src/components/ui/WavingFlag.tsx
    ./src/components/features/Hero.tsx
    ./src/app/page.tsx

https://nextjs.org/docs/messages/module-not-found @ http://localhost:3001/_next/static/chunks/node_modules_next_dist_b3fb3b5f._.js:1920
[    1069ms] [ERROR] ./src/components/ui/WavingFlag.tsx:5:1
Module not found: Can't resolve '@react-three/fiber'
  3 | import * as THREE from "three";
  4 | import React, { useRef, useMemo } from "react";
> 5 | import { Canvas, useFrame, useLoader } from "@react-three/fiber";
    | ^^^^^^^^^^^^^^^^^^^^^^^^^^^^^^^^^^^^^^^^^^^^^^^^^^^^^^^^^^^^^^^^^
  6 | import { useScroll } from "@react-three/drei";
  7 |
  8 | // 1. Definiujemy typ dla uniformów, żeby TS nie płakał o "Index signature"

Import trace:
  Server Component:
    ./src/components/ui/WavingFlag.tsx
    ./src/components/features/Hero.tsx
    ./src/app/page.tsx

https://nextjs.org/docs/messages/module-not-found @ http://localhost:3001/_next/static/chunks/node_modules_next_dist_b3fb3b5f._.js:1920
[    1069ms] [ERROR] ./src/components/ui/WavingFlag.tsx:3:1
Module not found: Can't resolve 'three'
  1 | "use client";
  2 |
> 3 | import * as THREE from "three";
    | ^^^^^^^^^^^^^^^^^^^^^^^^^^^^^^^
  4 | import React, { useRef, useMemo } from "react";
  5 | import { Canvas, useFrame, useLoader } from "@react-three/fiber";
  6 | import { useScroll } from "@react-three/drei";

Import trace:
  Server Component:
    ./src/components/ui/WavingFlag.tsx
    ./src/components/features/Hero.tsx
    ./src/app/page.tsx

https://nextjs.org/docs/messages/module-not-found @ http://localhost:3001/_next/static/chunks/node_modules_next_dist_b3fb3b5f._.js:1920
[    1084ms] [ERROR] ./src/components/ui/WavingFlag.tsx:6:1
Module not found: Can't resolve '@react-three/drei'
  4 | import React, { useRef, useMemo } from "react";
  5 | import { Canvas, useFrame, useLoader } from "@react-three/fiber";
> 6 | import { useScroll } from "@react-three/drei";
    | ^^^^^^^^^^^^^^^^^^^^^^^^^^^^^^^^^^^^^^^^^^^^^^
  7 |
  8 | // 1. Definiujemy typ dla uniformów, żeby TS nie płakał o "Index signature"
  9 | interface FlagUniforms {

Import trace:
  Server Component:
    ./src/components/ui/WavingFlag.tsx
    ./src/components/features/Hero.tsx
    ./src/app/page.tsx

https://nextjs.org/docs/messages/module-not-found @ http://localhost:3001/_next/static/chunks/node_modules_next_dist_b3fb3b5f._.js:1920
[    1084ms] [ERROR] ./src/components/ui/WavingFlag.tsx:5:1
Module not found: Can't resolve '@react-three/fiber'
  3 | import * as THREE from "three";
  4 | import React, { useRef, useMemo } from "react";
> 5 | import { Canvas, useFrame, useLoader } from "@react-three/fiber";
    | ^^^^^^^^^^^^^^^^^^^^^^^^^^^^^^^^^^^^^^^^^^^^^^^^^^^^^^^^^^^^^^^^^
  6 | import { useScroll } from "@react-three/drei";
  7 |
  8 | // 1. Definiujemy typ dla uniformów, żeby TS nie płakał o "Index signature"

Import trace:
  Server Component:
    ./src/components/ui/WavingFlag.tsx
    ./src/components/features/Hero.tsx
    ./src/app/page.tsx

https://nextjs.org/docs/messages/module-not-found @ http://localhost:3001/_next/static/chunks/node_modules_next_dist_b3fb3b5f._.js:1920
[    1085ms] [ERROR] ./src/components/ui/WavingFlag.tsx:3:1
Module not found: Can't resolve 'three'
  1 | "use client";
  2 |
> 3 | import * as THREE from "three";
    | ^^^^^^^^^^^^^^^^^^^^^^^^^^^^^^^
  4 | import React, { useRef, useMemo } from "react";
  5 | import { Canvas, useFrame, useLoader } from "@react-three/fiber";
  6 | import { useScroll } from "@react-three/drei";

Import trace:
  Server Component:
    ./src/components/ui/WavingFlag.tsx
    ./src/components/features/Hero.tsx
    ./src/app/page.tsx

https://nextjs.org/docs/messages/module-not-found @ http://localhost:3001/_next/static/chunks/node_modules_next_dist_b3fb3b5f._.js:1920
[    1149ms] [ERROR] ./src/components/ui/WavingFlag.tsx:6:1
Module not found: Can't resolve '@react-three/drei'
  4 | import React, { useRef, useMemo } from "react";
  5 | import { Canvas, useFrame, useLoader } from "@react-three/fiber";
> 6 | import { useScroll } from "@react-three/drei";
    | ^^^^^^^^^^^^^^^^^^^^^^^^^^^^^^^^^^^^^^^^^^^^^^
  7 |
  8 | // 1. Definiujemy typ dla uniformów, żeby TS nie płakał o "Index signature"
  9 | interface FlagUniforms {

Import trace:
  Server Component:
    ./src/components/ui/WavingFlag.tsx
    ./src/components/features/Hero.tsx
    ./src/app/page.tsx

https://nextjs.org/docs/messages/module-not-found @ http://localhost:3001/_next/static/chunks/node_modules_next_dist_b3fb3b5f._.js:1920
[    1150ms] [ERROR] ./src/components/ui/WavingFlag.tsx:5:1
Module not found: Can't resolve '@react-three/fiber'
  3 | import * as THREE from "three";
  4 | import React, { useRef, useMemo } from "react";
> 5 | import { Canvas, useFrame, useLoader } from "@react-three/fiber";
    | ^^^^^^^^^^^^^^^^^^^^^^^^^^^^^^^^^^^^^^^^^^^^^^^^^^^^^^^^^^^^^^^^^
  6 | import { useScroll } from "@react-three/drei";
  7 |
  8 | // 1. Definiujemy typ dla uniformów, żeby TS nie płakał o "Index signature"

Import trace:
  Server Component:
    ./src/components/ui/WavingFlag.tsx
    ./src/components/features/Hero.tsx
    ./src/app/page.tsx

https://nextjs.org/docs/messages/module-not-found @ http://localhost:3001/_next/static/chunks/node_modules_next_dist_b3fb3b5f._.js:1920
[    1150ms] [ERROR] ./src/components/ui/WavingFlag.tsx:3:1
Module not found: Can't resolve 'three'
  1 | "use client";
  2 |
> 3 | import * as THREE from "three";
    | ^^^^^^^^^^^^^^^^^^^^^^^^^^^^^^^
  4 | import React, { useRef, useMemo } from "react";
  5 | import { Canvas, useFrame, useLoader } from "@react-three/fiber";
  6 | import { useScroll } from "@react-three/drei";

Import trace:
  Server Component:
    ./src/components/ui/WavingFlag.tsx
    ./src/components/features/Hero.tsx
    ./src/app/page.tsx

https://nextjs.org/docs/messages/module-not-found @ http://localhost:3001/_next/static/chunks/node_modules_next_dist_b3fb3b5f._.js:1920
[    1246ms] [LOG] [Fast Refresh] rebuilding @ http://localhost:3001/_next/static/chunks/node_modules_next_dist_b3fb3b5f._.js:1206
[    8656ms] [ERROR] ./src/components/ui/WavingFlag.tsx:6:1
Module not found: Can't resolve '@react-three/drei'
  4 | import React, { useRef, useMemo } from "react";
  5 | import { Canvas, useFrame, useLoader } from "@react-three/fiber";
> 6 | import { useScroll } from "@react-three/drei";
    | ^^^^^^^^^^^^^^^^^^^^^^^^^^^^^^^^^^^^^^^^^^^^^^
  7 |
  8 | // 1. Definiujemy typ dla uniformów, żeby TS nie płakał o "Index signature"
  9 | interface FlagUniforms {

Import trace:
  Server Component:
    ./src/components/ui/WavingFlag.tsx
    ./src/components/features/Hero.tsx
    ./src/app/page.tsx

https://nextjs.org/docs/messages/module-not-found @ http://localhost:3001/_next/static/chunks/node_modules_next_dist_b3fb3b5f._.js:1920
[    8656ms] [ERROR] ./src/components/ui/WavingFlag.tsx:5:1
Module not found: Can't resolve '@react-three/fiber'
  3 | import * as THREE from "three";
  4 | import React, { useRef, useMemo } from "react";
> 5 | import { Canvas, useFrame, useLoader } from "@react-three/fiber";
    | ^^^^^^^^^^^^^^^^^^^^^^^^^^^^^^^^^^^^^^^^^^^^^^^^^^^^^^^^^^^^^^^^^
  6 | import { useScroll } from "@react-three/drei";
  7 |
  8 | // 1. Definiujemy typ dla uniformów, żeby TS nie płakał o "Index signature"

Import trace:
  Server Component:
    ./src/components/ui/WavingFlag.tsx
    ./src/components/features/Hero.tsx
    ./src/app/page.tsx

https://nextjs.org/docs/messages/module-not-found @ http://localhost:3001/_next/static/chunks/node_modules_next_dist_b3fb3b5f._.js:1920
[    8656ms] [ERROR] ./src/components/ui/WavingFlag.tsx:3:1
Module not found: Can't resolve 'three'
  1 | "use client";
  2 |
> 3 | import * as THREE from "three";
    | ^^^^^^^^^^^^^^^^^^^^^^^^^^^^^^^
  4 | import React, { useRef, useMemo } from "react";
  5 | import { Canvas, useFrame, useLoader } from "@react-three/fiber";
  6 | import { useScroll } from "@react-three/drei";

Import trace:
  Server Component:
    ./src/components/ui/WavingFlag.tsx
    ./src/components/features/Hero.tsx
    ./src/app/page.tsx

https://nextjs.org/docs/messages/module-not-found @ http://localhost:3001/_next/static/chunks/node_modules_next_dist_b3fb3b5f._.js:1920
[    8696ms] [LOG] [Fast Refresh] rebuilding @ http://localhost:3001/_next/static/chunks/node_modules_next_dist_b3fb3b5f._.js:1206
[    8948ms] [ERROR] ./src/components/ui/WavingFlag.tsx:6:1
Module not found: Can't resolve '@react-three/drei'
  4 | import React, { useRef, useMemo } from "react";
  5 | import { Canvas, useFrame, useLoader } from "@react-three/fiber";
> 6 | import { useScroll } from "@react-three/drei";
    | ^^^^^^^^^^^^^^^^^^^^^^^^^^^^^^^^^^^^^^^^^^^^^^
  7 |
  8 | // 1. Definiujemy typ dla uniformów, żeby TS nie płakał o "Index signature"
  9 | interface FlagUniforms {

Import trace:
  Server Component:
    ./src/components/ui/WavingFlag.tsx
    ./src/components/features/Hero.tsx
    ./src/app/page.tsx

https://nextjs.org/docs/messages/module-not-found @ http://localhost:3001/_next/static/chunks/node_modules_next_dist_b3fb3b5f._.js:1920
[    8949ms] [ERROR] ./src/components/ui/WavingFlag.tsx:5:1
Module not found: Can't resolve '@react-three/fiber'
  3 | import * as THREE from "three";
  4 | import React, { useRef, useMemo } from "react";
> 5 | import { Canvas, useFrame, useLoader } from "@react-three/fiber";
    | ^^^^^^^^^^^^^^^^^^^^^^^^^^^^^^^^^^^^^^^^^^^^^^^^^^^^^^^^^^^^^^^^^
  6 | import { useScroll } from "@react-three/drei";
  7 |
  8 | // 1. Definiujemy typ dla uniformów, żeby TS nie płakał o "Index signature"

Import trace:
  Server Component:
    ./src/components/ui/WavingFlag.tsx
    ./src/components/features/Hero.tsx
    ./src/app/page.tsx

https://nextjs.org/docs/messages/module-not-found @ http://localhost:3001/_next/static/chunks/node_modules_next_dist_b3fb3b5f._.js:1920
[    8949ms] [ERROR] ./src/components/ui/WavingFlag.tsx:3:1
Module not found: Can't resolve 'three'
  1 | "use client";
  2 |
> 3 | import * as THREE from "three";
    | ^^^^^^^^^^^^^^^^^^^^^^^^^^^^^^^
  4 | import React, { useRef, useMemo } from "react";
  5 | import { Canvas, useFrame, useLoader } from "@react-three/fiber";
  6 | import { useScroll } from "@react-three/drei";

Import trace:
  Server Component:
    ./src/components/ui/WavingFlag.tsx
    ./src/components/features/Hero.tsx
    ./src/app/page.tsx

https://nextjs.org/docs/messages/module-not-found @ http://localhost:3001/_next/static/chunks/node_modules_next_dist_b3fb3b5f._.js:1920
[    9021ms] [LOG] [Fast Refresh] rebuilding @ http://localhost:3001/_next/static/chunks/node_modules_next_dist_b3fb3b5f._.js:1206
[   19683ms] [ERROR] ./src/components/ui/WavingFlag.tsx:6:1
Module not found: Can't resolve '@react-three/drei'
  4 | import React, { useRef, useMemo } from "react";
  5 | import { Canvas, useFrame, useLoader } from "@react-three/fiber";
> 6 | import { useScroll } from "@react-three/drei";
    | ^^^^^^^^^^^^^^^^^^^^^^^^^^^^^^^^^^^^^^^^^^^^^^
  7 |
  8 | // 1. Definiujemy typ dla uniformów, żeby TS nie płakał o "Index signature"
  9 | interface FlagUniforms {

Import trace:
  Server Component:
    ./src/components/ui/WavingFlag.tsx
    ./src/components/features/Hero.tsx
    ./src/app/page.tsx

https://nextjs.org/docs/messages/module-not-found @ http://localhost:3001/_next/static/chunks/node_modules_next_dist_b3fb3b5f._.js:1920
[   19683ms] [ERROR] ./src/components/ui/WavingFlag.tsx:5:1
Module not found: Can't resolve '@react-three/fiber'
  3 | import * as THREE from "three";
  4 | import React, { useRef, useMemo } from "react";
> 5 | import { Canvas, useFrame, useLoader } from "@react-three/fiber";
    | ^^^^^^^^^^^^^^^^^^^^^^^^^^^^^^^^^^^^^^^^^^^^^^^^^^^^^^^^^^^^^^^^^
  6 | import { useScroll } from "@react-three/drei";
  7 |
  8 | // 1. Definiujemy typ dla uniformów, żeby TS nie płakał o "Index signature"

Import trace:
  Server Component:
    ./src/components/ui/WavingFlag.tsx
    ./src/components/features/Hero.tsx
    ./src/app/page.tsx

https://nextjs.org/docs/messages/module-not-found @ http://localhost:3001/_next/static/chunks/node_modules_next_dist_b3fb3b5f._.js:1920
[   19683ms] [ERROR] ./src/components/ui/WavingFlag.tsx:3:1
Module not found: Can't resolve 'three'
  1 | "use client";
  2 |
> 3 | import * as THREE from "three";
    | ^^^^^^^^^^^^^^^^^^^^^^^^^^^^^^^
  4 | import React, { useRef, useMemo } from "react";
  5 | import { Canvas, useFrame, useLoader } from "@react-three/fiber";
  6 | import { useScroll } from "@react-three/drei";

Import trace:
  Server Component:
    ./src/components/ui/WavingFlag.tsx
    ./src/components/features/Hero.tsx
    ./src/app/page.tsx

https://nextjs.org/docs/messages/module-not-found @ http://localhost:3001/_next/static/chunks/node_modules_next_dist_b3fb3b5f._.js:1920
[   19739ms] [LOG] [Fast Refresh] rebuilding @ http://localhost:3001/_next/static/chunks/node_modules_next_dist_b3fb3b5f._.js:1206
[   27036ms] [LOG] [Fast Refresh] rebuilding @ http://localhost:3001/_next/static/chunks/node_modules_next_dist_b3fb3b5f._.js:1206
[   27431ms] [ERROR] ./src/components/ui/WavingFlag.tsx:6:1
Module not found: Can't resolve '@react-three/drei'
  4 | import React, { useRef, useMemo } from "react";
  5 | import { Canvas, useFrame, useLoader } from "@react-three/fiber";
> 6 | import { useScroll } from "@react-three/drei";
    | ^^^^^^^^^^^^^^^^^^^^^^^^^^^^^^^^^^^^^^^^^^^^^^
  7 |
  8 | // 1. Definiujemy typ dla uniformów, żeby TS nie płakał o "Index signature"
  9 | interface FlagUniforms {

Import trace:
  Server Component:
    ./src/components/ui/WavingFlag.tsx
    ./src/components/features/Hero.tsx
    ./src/app/page.tsx

https://nextjs.org/docs/messages/module-not-found @ http://localhost:3001/_next/static/chunks/node_modules_next_dist_b3fb3b5f._.js:1920
[   27431ms] [ERROR] ./src/components/ui/WavingFlag.tsx:5:1
Module not found: Can't resolve '@react-three/fiber'
  3 | import * as THREE from "three";
  4 | import React, { useRef, useMemo } from "react";
> 5 | import { Canvas, useFrame, useLoader } from "@react-three/fiber";
    | ^^^^^^^^^^^^^^^^^^^^^^^^^^^^^^^^^^^^^^^^^^^^^^^^^^^^^^^^^^^^^^^^^
  6 | import { useScroll } from "@react-three/drei";
  7 |
  8 | // 1. Definiujemy typ dla uniformów, żeby TS nie płakał o "Index signature"

Import trace:
  Server Component:
    ./src/components/ui/WavingFlag.tsx
    ./src/components/features/Hero.tsx
    ./src/app/page.tsx

https://nextjs.org/docs/messages/module-not-found @ http://localhost:3001/_next/static/chunks/node_modules_next_dist_b3fb3b5f._.js:1920
[   27431ms] [ERROR] ./src/components/ui/WavingFlag.tsx:3:1
Module not found: Can't resolve 'three'
  1 | "use client";
  2 |
> 3 | import * as THREE from "three";
    | ^^^^^^^^^^^^^^^^^^^^^^^^^^^^^^^
  4 | import React, { useRef, useMemo } from "react";
  5 | import { Canvas, useFrame, useLoader } from "@react-three/fiber";
  6 | import { useScroll } from "@react-three/drei";

Import trace:
  Server Component:
    ./src/components/ui/WavingFlag.tsx
    ./src/components/features/Hero.tsx
    ./src/app/page.tsx

https://nextjs.org/docs/messages/module-not-found @ http://localhost:3001/_next/static/chunks/node_modules_next_dist_b3fb3b5f._.js:1920
[   27523ms] [ERROR] ./src/components/ui/WavingFlag.tsx:6:1
Module not found: Can't resolve '@react-three/drei'
  4 | import React, { useRef, useMemo } from "react";
  5 | import { Canvas, useFrame, useLoader } from "@react-three/fiber";
> 6 | import { useScroll } from "@react-three/drei";
    | ^^^^^^^^^^^^^^^^^^^^^^^^^^^^^^^^^^^^^^^^^^^^^^
  7 |
  8 | // 1. Definiujemy typ dla uniformów, żeby TS nie płakał o "Index signature"
  9 | interface FlagUniforms {

Import trace:
  Server Component:
    ./src/components/ui/WavingFlag.tsx
    ./src/components/features/Hero.tsx
    ./src/app/page.tsx

https://nextjs.org/docs/messages/module-not-found @ http://localhost:3001/_next/static/chunks/node_modules_next_dist_b3fb3b5f._.js:1920
[   27524ms] [ERROR] ./src/components/ui/WavingFlag.tsx:5:1
Module not found: Can't resolve '@react-three/fiber'
  3 | import * as THREE from "three";
  4 | import React, { useRef, useMemo } from "react";
> 5 | import { Canvas, useFrame, useLoader } from "@react-three/fiber";
    | ^^^^^^^^^^^^^^^^^^^^^^^^^^^^^^^^^^^^^^^^^^^^^^^^^^^^^^^^^^^^^^^^^
  6 | import { useScroll } from "@react-three/drei";
  7 |
  8 | // 1. Definiujemy typ dla uniformów, żeby TS nie płakał o "Index signature"

Import trace:
  Server Component:
    ./src/components/ui/WavingFlag.tsx
    ./src/components/features/Hero.tsx
    ./src/app/page.tsx

https://nextjs.org/docs/messages/module-not-found @ http://localhost:3001/_next/static/chunks/node_modules_next_dist_b3fb3b5f._.js:1920
[   27524ms] [ERROR] ./src/components/ui/WavingFlag.tsx:3:1
Module not found: Can't resolve 'three'
  1 | "use client";
  2 |
> 3 | import * as THREE from "three";
    | ^^^^^^^^^^^^^^^^^^^^^^^^^^^^^^^
  4 | import React, { useRef, useMemo } from "react";
  5 | import { Canvas, useFrame, useLoader } from "@react-three/fiber";
  6 | import { useScroll } from "@react-three/drei";

Import trace:
  Server Component:
    ./src/components/ui/WavingFlag.tsx
    ./src/components/features/Hero.tsx
    ./src/app/page.tsx

https://nextjs.org/docs/messages/module-not-found @ http://localhost:3001/_next/static/chunks/node_modules_next_dist_b3fb3b5f._.js:1920
[   27590ms] [LOG] [Fast Refresh] rebuilding @ http://localhost:3001/_next/static/chunks/node_modules_next_dist_b3fb3b5f._.js:1206
[   27643ms] [ERROR] ./src/components/ui/WavingFlag.tsx:6:1
Module not found: Can't resolve '@react-three/drei'
  4 | import React, { useRef, useMemo } from "react";
  5 | import { Canvas, useFrame, useLoader } from "@react-three/fiber";
> 6 | import { useScroll } from "@react-three/drei";
    | ^^^^^^^^^^^^^^^^^^^^^^^^^^^^^^^^^^^^^^^^^^^^^^
  7 |
  8 | // 1. Definiujemy typ dla uniformów, żeby TS nie płakał o "Index signature"
  9 | interface FlagUniforms {

Import trace:
  Server Component:
    ./src/components/ui/WavingFlag.tsx
    ./src/components/features/Hero.tsx
    ./src/app/page.tsx

https://nextjs.org/docs/messages/module-not-found @ http://localhost:3001/_next/static/chunks/node_modules_next_dist_b3fb3b5f._.js:1920
[   27643ms] [ERROR] ./src/components/ui/WavingFlag.tsx:5:1
Module not found: Can't resolve '@react-three/fiber'
  3 | import * as THREE from "three";
  4 | import React, { useRef, useMemo } from "react";
> 5 | import { Canvas, useFrame, useLoader } from "@react-three/fiber";
    | ^^^^^^^^^^^^^^^^^^^^^^^^^^^^^^^^^^^^^^^^^^^^^^^^^^^^^^^^^^^^^^^^^
  6 | import { useScroll } from "@react-three/drei";
  7 |
  8 | // 1. Definiujemy typ dla uniformów, żeby TS nie płakał o "Index signature"

Import trace:
  Server Component:
    ./src/components/ui/WavingFlag.tsx
    ./src/components/features/Hero.tsx
    ./src/app/page.tsx

https://nextjs.org/docs/messages/module-not-found @ http://localhost:3001/_next/static/chunks/node_modules_next_dist_b3fb3b5f._.js:1920
[   27644ms] [ERROR] ./src/components/ui/WavingFlag.tsx:3:1
Module not found: Can't resolve 'three'
  1 | "use client";
  2 |
> 3 | import * as THREE from "three";
    | ^^^^^^^^^^^^^^^^^^^^^^^^^^^^^^^
  4 | import React, { useRef, useMemo } from "react";
  5 | import { Canvas, useFrame, useLoader } from "@react-three/fiber";
  6 | import { useScroll } from "@react-three/drei";

Import trace:
  Server Component:
    ./src/components/ui/WavingFlag.tsx
    ./src/components/features/Hero.tsx
    ./src/app/page.tsx

https://nextjs.org/docs/messages/module-not-found @ http://localhost:3001/_next/static/chunks/node_modules_next_dist_b3fb3b5f._.js:1920
[   27687ms] [ERROR] ./src/components/ui/WavingFlag.tsx:6:1
Module not found: Can't resolve '@react-three/drei'
  4 | import React, { useRef, useMemo } from "react";
  5 | import { Canvas, useFrame, useLoader } from "@react-three/fiber";
> 6 | import { useScroll } from "@react-three/drei";
    | ^^^^^^^^^^^^^^^^^^^^^^^^^^^^^^^^^^^^^^^^^^^^^^
  7 |
  8 | // 1. Definiujemy typ dla uniformów, żeby TS nie płakał o "Index signature"
  9 | interface FlagUniforms {

Import trace:
  Server Component:
    ./src/components/ui/WavingFlag.tsx
    ./src/components/features/Hero.tsx
    ./src/app/page.tsx

https://nextjs.org/docs/messages/module-not-found @ http://localhost:3001/_next/static/chunks/node_modules_next_dist_b3fb3b5f._.js:1920
[   27687ms] [ERROR] ./src/components/ui/WavingFlag.tsx:5:1
Module not found: Can't resolve '@react-three/fiber'
  3 | import * as THREE from "three";
  4 | import React, { useRef, useMemo } from "react";
> 5 | import { Canvas, useFrame, useLoader } from "@react-three/fiber";
    | ^^^^^^^^^^^^^^^^^^^^^^^^^^^^^^^^^^^^^^^^^^^^^^^^^^^^^^^^^^^^^^^^^
  6 | import { useScroll } from "@react-three/drei";
  7 |
  8 | // 1. Definiujemy typ dla uniformów, żeby TS nie płakał o "Index signature"

Import trace:
  Server Component:
    ./src/components/ui/WavingFlag.tsx
    ./src/components/features/Hero.tsx
    ./src/app/page.tsx

https://nextjs.org/docs/messages/module-not-found @ http://localhost:3001/_next/static/chunks/node_modules_next_dist_b3fb3b5f._.js:1920
[   27687ms] [ERROR] ./src/components/ui/WavingFlag.tsx:3:1
Module not found: Can't resolve 'three'
  1 | "use client";
  2 |
> 3 | import * as THREE from "three";
    | ^^^^^^^^^^^^^^^^^^^^^^^^^^^^^^^
  4 | import React, { useRef, useMemo } from "react";
  5 | import { Canvas, useFrame, useLoader } from "@react-three/fiber";
  6 | import { useScroll } from "@react-three/drei";

Import trace:
  Server Component:
    ./src/components/ui/WavingFlag.tsx
    ./src/components/features/Hero.tsx
    ./src/app/page.tsx

https://nextjs.org/docs/messages/module-not-found @ http://localhost:3001/_next/static/chunks/node_modules_next_dist_b3fb3b5f._.js:1920
[   27758ms] [LOG] [Fast Refresh] rebuilding @ http://localhost:3001/_next/static/chunks/node_modules_next_dist_b3fb3b5f._.js:1206
[   28752ms] [ERROR] ./src/components/ui/WavingFlag.tsx:6:1
Module not found: Can't resolve '@react-three/drei'
  4 | import React, { useRef, useMemo } from "react";
  5 | import { Canvas, useFrame, useLoader } from "@react-three/fiber";
> 6 | import { useScroll } from "@react-three/drei";
    | ^^^^^^^^^^^^^^^^^^^^^^^^^^^^^^^^^^^^^^^^^^^^^^
  7 |
  8 | // 1. Definiujemy typ dla uniformów, żeby TS nie płakał o "Index signature"
  9 | interface FlagUniforms {

Import trace:
  Server Component:
    ./src/components/ui/WavingFlag.tsx
    ./src/components/features/Hero.tsx
    ./src/app/page.tsx

https://nextjs.org/docs/messages/module-not-found @ http://localhost:3001/_next/static/chunks/node_modules_next_dist_b3fb3b5f._.js:1920
[   28752ms] [ERROR] ./src/components/ui/WavingFlag.tsx:5:1
Module not found: Can't resolve '@react-three/fiber'
  3 | import * as THREE from "three";
  4 | import React, { useRef, useMemo } from "react";
> 5 | import { Canvas, useFrame, useLoader } from "@react-three/fiber";
    | ^^^^^^^^^^^^^^^^^^^^^^^^^^^^^^^^^^^^^^^^^^^^^^^^^^^^^^^^^^^^^^^^^
  6 | import { useScroll } from "@react-three/drei";
  7 |
  8 | // 1. Definiujemy typ dla uniformów, żeby TS nie płakał o "Index signature"

Import trace:
  Server Component:
    ./src/components/ui/WavingFlag.tsx
    ./src/components/features/Hero.tsx
    ./src/app/page.tsx

https://nextjs.org/docs/messages/module-not-found @ http://localhost:3001/_next/static/chunks/node_modules_next_dist_b3fb3b5f._.js:1920
[   28752ms] [ERROR] ./src/components/ui/WavingFlag.tsx:3:1
Module not found: Can't resolve 'three'
  1 | "use client";
  2 |
> 3 | import * as THREE from "three";
    | ^^^^^^^^^^^^^^^^^^^^^^^^^^^^^^^
  4 | import React, { useRef, useMemo } from "react";
  5 | import { Canvas, useFrame, useLoader } from "@react-three/fiber";
  6 | import { useScroll } from "@react-three/drei";

Import trace:
  Server Component:
    ./src/components/ui/WavingFlag.tsx
    ./src/components/features/Hero.tsx
    ./src/app/page.tsx

https://nextjs.org/docs/messages/module-not-found @ http://localhost:3001/_next/static/chunks/node_modules_next_dist_b3fb3b5f._.js:1920
[   28844ms] [ERROR] ./src/components/ui/WavingFlag.tsx:6:1
Module not found: Can't resolve '@react-three/drei'
  4 | import React, { useRef, useMemo } from "react";
  5 | import { Canvas, useFrame, useLoader } from "@react-three/fiber";
> 6 | import { useScroll } from "@react-three/drei";
    | ^^^^^^^^^^^^^^^^^^^^^^^^^^^^^^^^^^^^^^^^^^^^^^
  7 |
  8 | // 1. Definiujemy typ dla uniformów, żeby TS nie płakał o "Index signature"
  9 | interface FlagUniforms {

Import trace:
  Server Component:
    ./src/components/ui/WavingFlag.tsx
    ./src/components/features/Hero.tsx
    ./src/app/page.tsx

https://nextjs.org/docs/messages/module-not-found @ http://localhost:3001/_next/static/chunks/node_modules_next_dist_b3fb3b5f._.js:1920
[   28844ms] [ERROR] ./src/components/ui/WavingFlag.tsx:5:1
Module not found: Can't resolve '@react-three/fiber'
  3 | import * as THREE from "three";
  4 | import React, { useRef, useMemo } from "react";
> 5 | import { Canvas, useFrame, useLoader } from "@react-three/fiber";
    | ^^^^^^^^^^^^^^^^^^^^^^^^^^^^^^^^^^^^^^^^^^^^^^^^^^^^^^^^^^^^^^^^^
  6 | import { useScroll } from "@react-three/drei";
  7 |
  8 | // 1. Definiujemy typ dla uniformów, żeby TS nie płakał o "Index signature"

Import trace:
  Server Component:
    ./src/components/ui/WavingFlag.tsx
    ./src/components/features/Hero.tsx
    ./src/app/page.tsx

https://nextjs.org/docs/messages/module-not-found @ http://localhost:3001/_next/static/chunks/node_modules_next_dist_b3fb3b5f._.js:1920
[   28844ms] [ERROR] ./src/components/ui/WavingFlag.tsx:3:1
Module not found: Can't resolve 'three'
  1 | "use client";
  2 |
> 3 | import * as THREE from "three";
    | ^^^^^^^^^^^^^^^^^^^^^^^^^^^^^^^
  4 | import React, { useRef, useMemo } from "react";
  5 | import { Canvas, useFrame, useLoader } from "@react-three/fiber";
  6 | import { useScroll } from "@react-three/drei";

Import trace:
  Server Component:
    ./src/components/ui/WavingFlag.tsx
    ./src/components/features/Hero.tsx
    ./src/app/page.tsx

https://nextjs.org/docs/messages/module-not-found @ http://localhost:3001/_next/static/chunks/node_modules_next_dist_b3fb3b5f._.js:1920
[   28905ms] [ERROR] ./src/components/ui/WavingFlag.tsx:6:1
Module not found: Can't resolve '@react-three/drei'
  4 | import React, { useRef, useMemo } from "react";
  5 | import { Canvas, useFrame, useLoader } from "@react-three/fiber";
> 6 | import { useScroll } from "@react-three/drei";
    | ^^^^^^^^^^^^^^^^^^^^^^^^^^^^^^^^^^^^^^^^^^^^^^
  7 |
  8 | // 1. Definiujemy typ dla uniformów, żeby TS nie płakał o "Index signature"
  9 | interface FlagUniforms {

Import trace:
  Server Component:
    ./src/components/ui/WavingFlag.tsx
    ./src/components/features/Hero.tsx
    ./src/app/page.tsx

https://nextjs.org/docs/messages/module-not-found @ http://localhost:3001/_next/static/chunks/node_modules_next_dist_b3fb3b5f._.js:1920
[   28905ms] [ERROR] ./src/components/ui/WavingFlag.tsx:5:1
Module not found: Can't resolve '@react-three/fiber'
  3 | import * as THREE from "three";
  4 | import React, { useRef, useMemo } from "react";
> 5 | import { Canvas, useFrame, useLoader } from "@react-three/fiber";
    | ^^^^^^^^^^^^^^^^^^^^^^^^^^^^^^^^^^^^^^^^^^^^^^^^^^^^^^^^^^^^^^^^^
  6 | import { useScroll } from "@react-three/drei";
  7 |
  8 | // 1. Definiujemy typ dla uniformów, żeby TS nie płakał o "Index signature"

Import trace:
  Server Component:
    ./src/components/ui/WavingFlag.tsx
    ./src/components/features/Hero.tsx
    ./src/app/page.tsx

https://nextjs.org/docs/messages/module-not-found @ http://localhost:3001/_next/static/chunks/node_modules_next_dist_b3fb3b5f._.js:1920
[   28906ms] [ERROR] ./src/components/ui/WavingFlag.tsx:3:1
Module not found: Can't resolve 'three'
  1 | "use client";
  2 |
> 3 | import * as THREE from "three";
    | ^^^^^^^^^^^^^^^^^^^^^^^^^^^^^^^
  4 | import React, { useRef, useMemo } from "react";
  5 | import { Canvas, useFrame, useLoader } from "@react-three/fiber";
  6 | import { useScroll } from "@react-three/drei";

Import trace:
  Server Component:
    ./src/components/ui/WavingFlag.tsx
    ./src/components/features/Hero.tsx
    ./src/app/page.tsx

https://nextjs.org/docs/messages/module-not-found @ http://localhost:3001/_next/static/chunks/node_modules_next_dist_b3fb3b5f._.js:1920
[   28959ms] [LOG] [Fast Refresh] rebuilding @ http://localhost:3001/_next/static/chunks/node_modules_next_dist_b3fb3b5f._.js:1206
[   29118ms] [ERROR] ./src/components/ui/WavingFlag.tsx:6:1
Module not found: Can't resolve '@react-three/drei'
  4 | import React, { useRef, useMemo } from "react";
  5 | import { Canvas, useFrame, useLoader } from "@react-three/fiber";
> 6 | import { useScroll } from "@react-three/drei";
    | ^^^^^^^^^^^^^^^^^^^^^^^^^^^^^^^^^^^^^^^^^^^^^^
  7 |
  8 | // 1. Definiujemy typ dla uniformów, żeby TS nie płakał o "Index signature"
  9 | interface FlagUniforms {

Import trace:
  Server Component:
    ./src/components/ui/WavingFlag.tsx
    ./src/components/features/Hero.tsx
    ./src/app/page.tsx

https://nextjs.org/docs/messages/module-not-found @ http://localhost:3001/_next/static/chunks/node_modules_next_dist_b3fb3b5f._.js:1920
[   29118ms] [ERROR] ./src/components/ui/WavingFlag.tsx:5:1
Module not found: Can't resolve '@react-three/fiber'
  3 | import * as THREE from "three";
  4 | import React, { useRef, useMemo } from "react";
> 5 | import { Canvas, useFrame, useLoader } from "@react-three/fiber";
    | ^^^^^^^^^^^^^^^^^^^^^^^^^^^^^^^^^^^^^^^^^^^^^^^^^^^^^^^^^^^^^^^^^
  6 | import { useScroll } from "@react-three/drei";
  7 |
  8 | // 1. Definiujemy typ dla uniformów, żeby TS nie płakał o "Index signature"

Import trace:
  Server Component:
    ./src/components/ui/WavingFlag.tsx
    ./src/components/features/Hero.tsx
    ./src/app/page.tsx

https://nextjs.org/docs/messages/module-not-found @ http://localhost:3001/_next/static/chunks/node_modules_next_dist_b3fb3b5f._.js:1920
[   29118ms] [ERROR] ./src/components/ui/WavingFlag.tsx:3:1
Module not found: Can't resolve 'three'
  1 | "use client";
  2 |
> 3 | import * as THREE from "three";
    | ^^^^^^^^^^^^^^^^^^^^^^^^^^^^^^^
  4 | import React, { useRef, useMemo } from "react";
  5 | import { Canvas, useFrame, useLoader } from "@react-three/fiber";
  6 | import { useScroll } from "@react-three/drei";

Import trace:
  Server Component:
    ./src/components/ui/WavingFlag.tsx
    ./src/components/features/Hero.tsx
    ./src/app/page.tsx

https://nextjs.org/docs/messages/module-not-found @ http://localhost:3001/_next/static/chunks/node_modules_next_dist_b3fb3b5f._.js:1920
[   29184ms] [ERROR] ./src/components/ui/WavingFlag.tsx:6:1
Module not found: Can't resolve '@react-three/drei'
  4 | import React, { useRef, useMemo } from "react";
  5 | import { Canvas, useFrame, useLoader } from "@react-three/fiber";
> 6 | import { useScroll } from "@react-three/drei";
    | ^^^^^^^^^^^^^^^^^^^^^^^^^^^^^^^^^^^^^^^^^^^^^^
  7 |
  8 | // 1. Definiujemy typ dla uniformów, żeby TS nie płakał o "Index signature"
  9 | interface FlagUniforms {

Import trace:
  Server Component:
    ./src/components/ui/WavingFlag.tsx
    ./src/components/features/Hero.tsx
    ./src/app/page.tsx

https://nextjs.org/docs/messages/module-not-found @ http://localhost:3001/_next/static/chunks/node_modules_next_dist_b3fb3b5f._.js:1920
[   29184ms] [ERROR] ./src/components/ui/WavingFlag.tsx:5:1
Module not found: Can't resolve '@react-three/fiber'
  3 | import * as THREE from "three";
  4 | import React, { useRef, useMemo } from "react";
> 5 | import { Canvas, useFrame, useLoader } from "@react-three/fiber";
    | ^^^^^^^^^^^^^^^^^^^^^^^^^^^^^^^^^^^^^^^^^^^^^^^^^^^^^^^^^^^^^^^^^
  6 | import { useScroll } from "@react-three/drei";
  7 |
  8 | // 1. Definiujemy typ dla uniformów, żeby TS nie płakał o "Index signature"

Import trace:
  Server Component:
    ./src/components/ui/WavingFlag.tsx
    ./src/components/features/Hero.tsx
    ./src/app/page.tsx

https://nextjs.org/docs/messages/module-not-found @ http://localhost:3001/_next/static/chunks/node_modules_next_dist_b3fb3b5f._.js:1920
[   29185ms] [ERROR] ./src/components/ui/WavingFlag.tsx:3:1
Module not found: Can't resolve 'three'
  1 | "use client";
  2 |
> 3 | import * as THREE from "three";
    | ^^^^^^^^^^^^^^^^^^^^^^^^^^^^^^^
  4 | import React, { useRef, useMemo } from "react";
  5 | import { Canvas, useFrame, useLoader } from "@react-three/fiber";
  6 | import { useScroll } from "@react-three/drei";

Import trace:
  Server Component:
    ./src/components/ui/WavingFlag.tsx
    ./src/components/features/Hero.tsx
    ./src/app/page.tsx

https://nextjs.org/docs/messages/module-not-found @ http://localhost:3001/_next/static/chunks/node_modules_next_dist_b3fb3b5f._.js:1920
[   29260ms] [ERROR] ./src/components/ui/WavingFlag.tsx:6:1
Module not found: Can't resolve '@react-three/drei'
  4 | import React, { useRef, useMemo } from "react";
  5 | import { Canvas, useFrame, useLoader } from "@react-three/fiber";
> 6 | import { useScroll } from "@react-three/drei";
    | ^^^^^^^^^^^^^^^^^^^^^^^^^^^^^^^^^^^^^^^^^^^^^^
  7 |
  8 | // 1. Definiujemy typ dla uniformów, żeby TS nie płakał o "Index signature"
  9 | interface FlagUniforms {

Import trace:
  Server Component:
    ./src/components/ui/WavingFlag.tsx
    ./src/components/features/Hero.tsx
    ./src/app/page.tsx

https://nextjs.org/docs/messages/module-not-found @ http://localhost:3001/_next/static/chunks/node_modules_next_dist_b3fb3b5f._.js:1920
[   29260ms] [ERROR] ./src/components/ui/WavingFlag.tsx:5:1
Module not found: Can't resolve '@react-three/fiber'
  3 | import * as THREE from "three";
  4 | import React, { useRef, useMemo } from "react";
> 5 | import { Canvas, useFrame, useLoader } from "@react-three/fiber";
    | ^^^^^^^^^^^^^^^^^^^^^^^^^^^^^^^^^^^^^^^^^^^^^^^^^^^^^^^^^^^^^^^^^
  6 | import { useScroll } from "@react-three/drei";
  7 |
  8 | // 1. Definiujemy typ dla uniformów, żeby TS nie płakał o "Index signature"

Import trace:
  Server Component:
    ./src/components/ui/WavingFlag.tsx
    ./src/components/features/Hero.tsx
    ./src/app/page.tsx

https://nextjs.org/docs/messages/module-not-found @ http://localhost:3001/_next/static/chunks/node_modules_next_dist_b3fb3b5f._.js:1920
[   29260ms] [ERROR] ./src/components/ui/WavingFlag.tsx:3:1
Module not found: Can't resolve 'three'
  1 | "use client";
  2 |
> 3 | import * as THREE from "three";
    | ^^^^^^^^^^^^^^^^^^^^^^^^^^^^^^^
  4 | import React, { useRef, useMemo } from "react";
  5 | import { Canvas, useFrame, useLoader } from "@react-three/fiber";
  6 | import { useScroll } from "@react-three/drei";

Import trace:
  Server Component:
    ./src/components/ui/WavingFlag.tsx
    ./src/components/features/Hero.tsx
    ./src/app/page.tsx

https://nextjs.org/docs/messages/module-not-found @ http://localhost:3001/_next/static/chunks/node_modules_next_dist_b3fb3b5f._.js:1920
[   29306ms] [ERROR] ./src/components/ui/WavingFlag.tsx:6:1
Module not found: Can't resolve '@react-three/drei'
  4 | import React, { useRef, useMemo } from "react";
  5 | import { Canvas, useFrame, useLoader } from "@react-three/fiber";
> 6 | import { useScroll } from "@react-three/drei";
    | ^^^^^^^^^^^^^^^^^^^^^^^^^^^^^^^^^^^^^^^^^^^^^^
  7 |
  8 | // 1. Definiujemy typ dla uniformów, żeby TS nie płakał o "Index signature"
  9 | interface FlagUniforms {

Import trace:
  Server Component:
    ./src/components/ui/WavingFlag.tsx
    ./src/components/features/Hero.tsx
    ./src/app/page.tsx

https://nextjs.org/docs/messages/module-not-found @ http://localhost:3001/_next/static/chunks/node_modules_next_dist_b3fb3b5f._.js:1920
[   29307ms] [ERROR] ./src/components/ui/WavingFlag.tsx:5:1
Module not found: Can't resolve '@react-three/fiber'
  3 | import * as THREE from "three";
  4 | import React, { useRef, useMemo } from "react";
> 5 | import { Canvas, useFrame, useLoader } from "@react-three/fiber";
    | ^^^^^^^^^^^^^^^^^^^^^^^^^^^^^^^^^^^^^^^^^^^^^^^^^^^^^^^^^^^^^^^^^
  6 | import { useScroll } from "@react-three/drei";
  7 |
  8 | // 1. Definiujemy typ dla uniformów, żeby TS nie płakał o "Index signature"

Import trace:
  Server Component:
    ./src/components/ui/WavingFlag.tsx
    ./src/components/features/Hero.tsx
    ./src/app/page.tsx

https://nextjs.org/docs/messages/module-not-found @ http://localhost:3001/_next/static/chunks/node_modules_next_dist_b3fb3b5f._.js:1920
[   29307ms] [ERROR] ./src/components/ui/WavingFlag.tsx:3:1
Module not found: Can't resolve 'three'
  1 | "use client";
  2 |
> 3 | import * as THREE from "three";
    | ^^^^^^^^^^^^^^^^^^^^^^^^^^^^^^^
  4 | import React, { useRef, useMemo } from "react";
  5 | import { Canvas, useFrame, useLoader } from "@react-three/fiber";
  6 | import { useScroll } from "@react-three/drei";

Import trace:
  Server Component:
    ./src/components/ui/WavingFlag.tsx
    ./src/components/features/Hero.tsx
    ./src/app/page.tsx

https://nextjs.org/docs/messages/module-not-found @ http://localhost:3001/_next/static/chunks/node_modules_next_dist_b3fb3b5f._.js:1920
[   29350ms] [ERROR] ./src/components/ui/WavingFlag.tsx:6:1
Module not found: Can't resolve '@react-three/drei'
  4 | import React, { useRef, useMemo } from "react";
  5 | import { Canvas, useFrame, useLoader } from "@react-three/fiber";
> 6 | import { useScroll } from "@react-three/drei";
    | ^^^^^^^^^^^^^^^^^^^^^^^^^^^^^^^^^^^^^^^^^^^^^^
  7 |
  8 | // 1. Definiujemy typ dla uniformów, żeby TS nie płakał o "Index signature"
  9 | interface FlagUniforms {

Import trace:
  Server Component:
    ./src/components/ui/WavingFlag.tsx
    ./src/components/features/Hero.tsx
    ./src/app/page.tsx

https://nextjs.org/docs/messages/module-not-found @ http://localhost:3001/_next/static/chunks/node_modules_next_dist_b3fb3b5f._.js:1920
[   29350ms] [ERROR] ./src/components/ui/WavingFlag.tsx:5:1
Module not found: Can't resolve '@react-three/fiber'
  3 | import * as THREE from "three";
  4 | import React, { useRef, useMemo } from "react";
> 5 | import { Canvas, useFrame, useLoader } from "@react-three/fiber";
    | ^^^^^^^^^^^^^^^^^^^^^^^^^^^^^^^^^^^^^^^^^^^^^^^^^^^^^^^^^^^^^^^^^
  6 | import { useScroll } from "@react-three/drei";
  7 |
  8 | // 1. Definiujemy typ dla uniformów, żeby TS nie płakał o "Index signature"

Import trace:
  Server Component:
    ./src/components/ui/WavingFlag.tsx
    ./src/components/features/Hero.tsx
    ./src/app/page.tsx

https://nextjs.org/docs/messages/module-not-found @ http://localhost:3001/_next/static/chunks/node_modules_next_dist_b3fb3b5f._.js:1920
[   29350ms] [ERROR] ./src/components/ui/WavingFlag.tsx:3:1
Module not found: Can't resolve 'three'
  1 | "use client";
  2 |
> 3 | import * as THREE from "three";
    | ^^^^^^^^^^^^^^^^^^^^^^^^^^^^^^^
  4 | import React, { useRef, useMemo } from "react";
  5 | import { Canvas, useFrame, useLoader } from "@react-three/fiber";
  6 | import { useScroll } from "@react-three/drei";

Import trace:
  Server Component:
    ./src/components/ui/WavingFlag.tsx
    ./src/components/features/Hero.tsx
    ./src/app/page.tsx

https://nextjs.org/docs/messages/module-not-found @ http://localhost:3001/_next/static/chunks/node_modules_next_dist_b3fb3b5f._.js:1920
[   29422ms] [LOG] [Fast Refresh] rebuilding @ http://localhost:3001/_next/static/chunks/node_modules_next_dist_b3fb3b5f._.js:1206
[   29574ms] [LOG] [Fast Refresh] rebuilding @ http://localhost:3001/_next/static/chunks/node_modules_next_dist_b3fb3b5f._.js:1206
[   40943ms] [LOG] [Fast Refresh] done in 11466ms @ http://localhost:3001/_next/static/chunks/node_modules_next_dist_b3fb3b5f._.js:1206
[   41070ms] [LOG] [Fast Refresh] rebuilding @ http://localhost:3001/_next/static/chunks/node_modules_next_dist_b3fb3b5f._.js:1206
[   42400ms] [LOG] [Fast Refresh] done in 1431ms @ http://localhost:3001/_next/static/chunks/node_modules_next_dist_b3fb3b5f._.js:1206
[   43102ms] [LOG] [Fast Refresh] rebuilding @ http://localhost:3001/_next/static/chunks/node_modules_next_dist_b3fb3b5f._.js:1206
[   43200ms] [LOG] [Fast Refresh] done in 206ms @ http://localhost:3001/_next/static/chunks/node_modules_next_dist_b3fb3b5f._.js:1206
[   43831ms] [INFO] %cDownload the React DevTools for a better development experience: https://react.dev/link/react-devtools font-weight:bold @ http://localhost:3001/_next/static/chunks/node_modules_next_dist_f3530cac._.js:2297
[   43948ms] [ERROR] %c%s%c Błąd pobierania wiedzy KUBY: background: #e6e6e6;background: light-dark(rgba(0,0,0,0.1), rgba(255,255,255,0.25));color: #000000;color: light-dark(#000000, #ffffff);border-radius: 2px  Server   Error: Failed query: select "id", "section", "content", "updated_at" from "kuba_knowledge"
params: 
    at Function.all (<anonymous>:1:21)
    at getKubaKnowledgeForChat (about://React/Server/C:%5CUsers%5Cstani%5CDesktop%5Cprojects%5Clanlab-online%5C.next%5Cdev%5Cserver%5Cchunks%5Cssr%5C%5Broot-of-the-server%5D__442819a4._.js?54:282:35)
    at Home (about://React/Server/C:%5CUsers%5Cstani%5CDesktop%5Cprojects%5Clanlab-online%5C.next%5Cdev%5Cserver%5Cchunks%5Cssr%5C%5Broot-of-the-server%5D__96081904._.js?55:1112:33)
    at resolveErrorDev (http://localhost:3001/_next/static/chunks/node_modules_next_dist_compiled_react-server-dom-turbopack_9212ccad._.js:1881:106)
    at getOutlinedModel (http://localhost:3001/_next/static/chunks/node_modules_next_dist_compiled_react-server-dom-turbopack_9212ccad._.js:1434:28)
    at parseModelString (http://localhost:3001/_next/static/chunks/node_modules_next_dist_compiled_react-server-dom-turbopack_9212ccad._.js:1548:50)
    at Object.<anonymous> (http://localhost:3001/_next/static/chunks/node_modules_next_dist_compiled_react-server-dom-turbopack_9212ccad._.js:2472:51)
    at JSON.parse (<anonymous>)
    at initializeModelChunk (http://localhost:3001/_next/static/chunks/node_modules_next_dist_compiled_react-server-dom-turbopack_9212ccad._.js:1053:30)
    at getOutlinedModel (http://localhost:3001/_next/static/chunks/node_modules_next_dist_compiled_react-server-dom-turbopack_9212ccad._.js:1372:17)
    at parseModelString (http://localhost:3001/_next/static/chunks/node_modules_next_dist_compiled_react-server-dom-turbopack_9212ccad._.js:1602:50)
    at Array.<anonymous> (http://localhost:3001/_next/static/chunks/node_modules_next_dist_compiled_react-server-dom-turbopack_9212ccad._.js:2472:51)
    at JSON.parse (<anonymous>)
    at initializeModelChunk (http://localhost:3001/_next/static/chunks/node_modules_next_dist_compiled_react-server-dom-turbopack_9212ccad._.js:1053:30)
    at resolveConsoleEntry (http://localhost:3001/_next/static/chunks/node_modules_next_dist_compiled_react-server-dom-turbopack_9212ccad._.js:2007:96)
    at processFullStringRow (http://localhost:3001/_next/static/chunks/node_modules_next_dist_compiled_react-server-dom-turbopack_9212ccad._.js:2408:17)
    at processFullBinaryRow (http://localhost:3001/_next/static/chunks/node_modules_next_dist_compiled_react-server-dom-turbopack_9212ccad._.js:2348:9)
    at processBinaryChunk (http://localhost:3001/_next/static/chunks/node_modules_next_dist_compiled_react-server-dom-turbopack_9212ccad._.js:2457:221)
    at progress (http://localhost:3001/_next/static/chunks/node_modules_next_dist_compiled_react-server-dom-turbopack_9212ccad._.js:2625:13) @ http://localhost:3001/_next/static/chunks/node_modules_next_dist_f3530cac._.js:3127
[   43970ms] [LOG] [HMR] connected @ http://localhost:3001/_next/static/chunks/node_modules_next_dist_f3530cac._.js:2297
[   44623ms] [WARNING] Image with src "/pierwsza_placowka.jpg" has "fill" but is missing "sizes" prop. Please add it to improve page performance. Read more: https://nextjs.org/docs/api-reference/next/image#sizes @ http://localhost:3001/_next/static/chunks/node_modules_next_dist_f3530cac._.js:2297
[   44696ms] [WARNING] THREE.Clock: This module has been deprecated. Please use THREE.Timer instead. @ http://localhost:3001/_next/static/chunks/node_modules_next_dist_f3530cac._.js:2297
